(*notarize.Log)({
 JobId: (string) (len=36) "3382aa04-e417-46a0-b1b4-42eebf85906c",
 Status: (string) (len=8) "Accepted",
 StatusSummary: (string) (len=22) "Ready for distribution",
 StatusCode: (int) 0,
 ArchiveFilename: (string) (len=7) "gon.zip",
 UploadDate: (string) (len=20) "2019-11-06T00:51:10Z",
 SHA256: (string) (len=64) "1070be725b5b0c89b8dad699a9080a3bf5809fe68bfe8f84d6ff4a282d661fd1",
 Issues: ([]notarize.LogIssue) <nil>,
 TicketContents: ([]notarize.LogTicketContent) (len=1 cap=4) {
  (notarize.LogTicketContent) {
   Path: (string) (len=11) "gon.zip/foo",
   DigestAlgorithm: (string) (len=7) "SHA-256",
   CDHash: (string) (len=40) "b7049085e21423f102d6119bca93d57ebd903289",
   Arch: (string) (len=6) "x86_64"
  }
 }
})
