(*notarize.Log)({
 JobId: (string) (len=36) "4ba7c420-7444-44bc-a190-1bd4bad97b13",
 Status: (string) (len=7) "Invalid",
 StatusSummary: (string) (len=43) "Archive contains critical validation errors",
 StatusCode: (int) 4000,
 ArchiveFilename: (string) (len=7) "gon.zip",
 UploadDate: (string) (len=20) "2019-11-06T00:54:22Z",
 SHA256: (string) (len=64) "c109f26d378fbf1efadc8987fdab79d2ce63155e8941823d4d11a907152e11a5",
 Issues: ([]notarize.LogIssue) (len=3 cap=4) {
  (notarize.LogIssue) {
   Severity: (string) (len=5) "error",
   Path: (string) (len=11) "gon.zip/foo",
   Message: (string) (len=25) "The binary is not signed."
  },
  (notarize.LogIssue) {
   Severity: (string) (len=5) "error",
   Path: (string) (len=11) "gon.zip/foo",
   Message: (string) (len=50) "The signature does not include a secure timestamp."
  },
  (notarize.LogIssue) {
   Severity: (string) (len=5) "error",
   Path: (string) (len=11) "gon.zip/foo",
   Message: (string) (len=58) "The executable does not have the hardened runtime enabled."
  }
 },
 TicketContents: ([]notarize.LogTicketContent) <nil>
})
